// Vitest Snapshot v1, https://vitest.dev/guide/snapshot.html

exports[`jsonRpcProvider > returns a public rpc endpoint > "https://mainnet.example.com" 1`] = `undefined`;
