// Vitest Snapshot v1, https://vitest.dev/guide/snapshot.html

exports[`publicProvider > returns a public rpc endpoint > "http://localhost:5050/rpc" 1`] = `undefined`;
