// Vitest Snapshot v1, https://vitest.dev/guide/snapshot.html

exports[`useAccount > returns the account > after the user connects their wallet > 
        {
          "account": Account {
            "address": "0x79d719ac68e56635121bf9317fae4f281e23b7ad95b6900ccafd2b9668b410f",
            "cairoVersion": undefined,
            "deploySelf": [Function],
            "provider": RpcProvider {
              "blockIdentifier": "pending",
              "chainId": undefined,
              "getBlockHashAndNumber": [Function],
              "getSimulateTransaction": [Function],
              "getStateUpdate": [Function],
              "getTransactionCount": [Function],
              "headers": {
                "Content-Type": "application/json",
              },
              "nodeUrl": "http://localhost:5050/rpc",
              "responseParser": RPCResponseParser {},
              "retries": 200,
              "traceBlockTransactions": [Function],
              "traceTransaction": [Function],
            },
            "signer": Signer {
              "pk": "0xa2866149d7a34fba053b2c8682d98d55",
            },
          },
          "address": "0x79d719ac68e56635121bf9317fae4f281e23b7ad95b6900ccafd2b9668b410f",
          "chainId": 1536727068981429685321n,
          "connector": undefined,
          "isConnected": true,
          "isConnecting": false,
          "isDisconnected": false,
          "isReconnecting": false,
          "status": "connected",
        }
       1`] = `
{
  "account": Account {
    "address": "0x79d719ac68e56635121bf9317fae4f281e23b7ad95b6900ccafd2b9668b410f",
    "cairoVersion": undefined,
    "channel": RpcChannel2 {
      "blockIdentifier": "pending",
      "chainId": undefined,
      "headers": {
        "Content-Type": "application/json",
      },
      "nodeUrl": "http://localhost:5050/rpc",
      "requestId": 0,
      "retries": 200,
      "speckVersion": undefined,
      "waitMode": false,
    },
    "deploySelf": [Function],
    "getStateUpdate": [Function],
    "responseParser": RPCResponseParser {},
    "signer": Signer {
      "pk": "0xa2866149d7a34fba053b2c8682d98d55",
    },
    "transactionVersion": "0x2",
  },
  "address": "0x79d719ac68e56635121bf9317fae4f281e23b7ad95b6900ccafd2b9668b410f",
  "chainId": 1536727068981429685321n,
  "connector": undefined,
  "isConnected": true,
  "isConnecting": false,
  "isDisconnected": false,
  "isReconnecting": false,
  "status": "connected",
}
`;
