// Vitest Snapshot v1, https://vitest.dev/guide/snapshot.html

exports[`useContract > returns a contract > 
      {
        "contract": Contract {
          "abi": [
            {
              "members": [
                {
                  "name": "low",
                  "offset": 0,
                  "type": "felt",
                },
                {
                  "name": "high",
                  "offset": 1,
                  "type": "felt",
                },
              ],
              "name": "Uint256",
              "size": 2,
              "type": "struct",
            },
            {
              "inputs": [
                {
                  "name": "name",
                  "type": "felt",
                },
                {
                  "name": "symbol",
                  "type": "felt",
                },
                {
                  "name": "recipient",
                  "type": "felt",
                },
              ],
              "name": "constructor",
              "outputs": [],
              "type": "constructor",
            },
            {
              "inputs": [],
              "name": "name",
              "outputs": [
                {
                  "name": "name",
                  "type": "felt",
                },
              ],
              "stateMutability": "view",
              "type": "function",
            },
          ],
          "address": "0x49d36570d4e46f48e99674bd3fcc84644ddd6b96f7c741b1562b82f9e004dc7",
          "callData": CallData {
            "abi": [
              {
                "members": [
                  {
                    "name": "low",
                    "offset": 0,
                    "type": "felt",
                  },
                  {
                    "name": "high",
                    "offset": 1,
                    "type": "felt",
                  },
                ],
                "name": "Uint256",
                "size": 2,
                "type": "struct",
              },
              {
                "inputs": [
                  {
                    "name": "name",
                    "type": "felt",
                  },
                  {
                    "name": "symbol",
                    "type": "felt",
                  },
                  {
                    "name": "recipient",
                    "type": "felt",
                  },
                ],
                "name": "constructor",
                "outputs": [],
                "type": "constructor",
              },
              {
                "inputs": [],
                "name": "name",
                "outputs": [
                  {
                    "name": "name",
                    "type": "felt",
                  },
                ],
                "stateMutability": "view",
                "type": "function",
              },
            ],
            "enums": {},
            "parser": AbiParser1 {
              "abi": [
                {
                  "members": [
                    {
                      "name": "low",
                      "offset": 0,
                      "type": "felt",
                    },
                    {
                      "name": "high",
                      "offset": 1,
                      "type": "felt",
                    },
                  ],
                  "name": "Uint256",
                  "size": 2,
                  "type": "struct",
                },
                {
                  "inputs": [
                    {
                      "name": "name",
                      "type": "felt",
                    },
                    {
                      "name": "symbol",
                      "type": "felt",
                    },
                    {
                      "name": "recipient",
                      "type": "felt",
                    },
                  ],
                  "name": "constructor",
                  "outputs": [],
                  "type": "constructor",
                },
                {
                  "inputs": [],
                  "name": "name",
                  "outputs": [
                    {
                      "name": "name",
                      "type": "felt",
                    },
                  ],
                  "stateMutability": "view",
                  "type": "function",
                },
              ],
            },
            "structs": {
              "Uint256": {
                "members": [
                  {
                    "name": "low",
                    "offset": 0,
                    "type": "felt",
                  },
                  {
                    "name": "high",
                    "offset": 1,
                    "type": "felt",
                  },
                ],
                "name": "Uint256",
                "size": 2,
                "type": "struct",
              },
            },
          },
          "callStatic": {
            "name": [Function],
          },
          "deployTransactionHash": undefined,
          "estimateFee": {
            "name": [Function],
          },
          "events": {},
          "functions": {
            "name": [Function],
          },
          "name": [Function],
          "populateTransaction": {
            "name": [Function],
          },
          "providerOrAccount": RpcProvider {
            "blockIdentifier": "pending",
            "chainId": "0x534e5f474f45524c49",
            "getBlockHashAndNumber": [Function],
            "getSimulateTransaction": [Function],
            "getStateUpdate": [Function],
            "getTransactionCount": [Function],
            "headers": {
              "Content-Type": "application/json",
            },
            "nodeUrl": "http://localhost:5050/rpc",
            "responseParser": RPCResponseParser {},
            "retries": 200,
            "traceBlockTransactions": [Function],
            "traceTransaction": [Function],
          },
          "structs": {
            "Uint256": {
              "members": [
                {
                  "name": "low",
                  "offset": 0,
                  "type": "felt",
                },
                {
                  "name": "high",
                  "offset": 1,
                  "type": "felt",
                },
              ],
              "name": "Uint256",
              "size": 2,
              "type": "struct",
            },
          },
        },
      }
     1`] = `
{
  "contract": Contract {
    "abi": [
      {
        "members": [
          {
            "name": "low",
            "offset": 0,
            "type": "felt",
          },
          {
            "name": "high",
            "offset": 1,
            "type": "felt",
          },
        ],
        "name": "Uint256",
        "size": 2,
        "type": "struct",
      },
      {
        "inputs": [
          {
            "name": "name",
            "type": "felt",
          },
          {
            "name": "symbol",
            "type": "felt",
          },
          {
            "name": "recipient",
            "type": "felt",
          },
        ],
        "name": "constructor",
        "outputs": [],
        "type": "constructor",
      },
      {
        "inputs": [],
        "name": "name",
        "outputs": [
          {
            "name": "name",
            "type": "felt",
          },
        ],
        "stateMutability": "view",
        "type": "function",
      },
    ],
    "address": "0x49d36570d4e46f48e99674bd3fcc84644ddd6b96f7c741b1562b82f9e004dc7",
    "callData": _CallData {
      "abi": [
        {
          "members": [
            {
              "name": "low",
              "offset": 0,
              "type": "felt",
            },
            {
              "name": "high",
              "offset": 1,
              "type": "felt",
            },
          ],
          "name": "Uint256",
          "size": 2,
          "type": "struct",
        },
        {
          "inputs": [
            {
              "name": "name",
              "type": "felt",
            },
            {
              "name": "symbol",
              "type": "felt",
            },
            {
              "name": "recipient",
              "type": "felt",
            },
          ],
          "name": "constructor",
          "outputs": [],
          "type": "constructor",
        },
        {
          "inputs": [],
          "name": "name",
          "outputs": [
            {
              "name": "name",
              "type": "felt",
            },
          ],
          "stateMutability": "view",
          "type": "function",
        },
      ],
      "enums": {},
      "parser": AbiParser1 {
        "abi": [
          {
            "members": [
              {
                "name": "low",
                "offset": 0,
                "type": "felt",
              },
              {
                "name": "high",
                "offset": 1,
                "type": "felt",
              },
            ],
            "name": "Uint256",
            "size": 2,
            "type": "struct",
          },
          {
            "inputs": [
              {
                "name": "name",
                "type": "felt",
              },
              {
                "name": "symbol",
                "type": "felt",
              },
              {
                "name": "recipient",
                "type": "felt",
              },
            ],
            "name": "constructor",
            "outputs": [],
            "type": "constructor",
          },
          {
            "inputs": [],
            "name": "name",
            "outputs": [
              {
                "name": "name",
                "type": "felt",
              },
            ],
            "stateMutability": "view",
            "type": "function",
          },
        ],
      },
      "structs": {
        "Uint256": {
          "members": [
            {
              "name": "low",
              "offset": 0,
              "type": "felt",
            },
            {
              "name": "high",
              "offset": 1,
              "type": "felt",
            },
          ],
          "name": "Uint256",
          "size": 2,
          "type": "struct",
        },
      },
    },
    "callStatic": {
      "name": [Function],
    },
    "deployTransactionHash": undefined,
    "estimateFee": {
      "name": [Function],
    },
    "events": {},
    "functions": {
      "name": [Function],
    },
    "name": [Function],
    "populateTransaction": {
      "name": [Function],
    },
    "providerOrAccount": RpcProvider2 {
      "channel": RpcChannel2 {
        "blockIdentifier": "pending",
        "chainId": "0x534e5f474f45524c49",
        "headers": {
          "Content-Type": "application/json",
        },
        "nodeUrl": "http://localhost:5050/rpc",
        "requestId": 0,
        "retries": 200,
        "speckVersion": undefined,
        "waitMode": false,
      },
      "getStateUpdate": [Function],
      "responseParser": RPCResponseParser {},
    },
    "structs": {
      "Uint256": {
        "members": [
          {
            "name": "low",
            "offset": 0,
            "type": "felt",
          },
          {
            "name": "high",
            "offset": 1,
            "type": "felt",
          },
        ],
        "name": "Uint256",
        "size": 2,
        "type": "struct",
      },
    },
  },
}
`;
